[colorlib.com/preview/theme/sublime/index.html]
[backblue.gif]
[fade.gif]
[index.html]
[colorlib.com/preview/theme/sublime/styles/bootstrap4/bootstrap.min.css]
[colorlib.com/preview/theme/sublime/plugins/font-awesome-4.7.0/css/font-awesome.min.css]
[colorlib.com/preview/theme/sublime/plugins/OwlCarousel2-2.2.1/owl.carousel.css]
[colorlib.com/preview/theme/sublime/plugins/OwlCarousel2-2.2.1/owl.theme.default.css]
[colorlib.com/preview/theme/sublime/plugins/OwlCarousel2-2.2.1/animate.css]
[colorlib.com/preview/theme/sublime/styles/main_styles.css]
[colorlib.com/preview/theme/sublime/styles/responsive.css]
[colorlib.com/preview/theme/sublime/index-2.html]
[colorlib.com/preview/theme/sublime/categories.html]
[colorlib.com/preview/theme/sublime/product.html]
[colorlib.com/preview/theme/sublime/cart.html]
[colorlib.com/preview/theme/sublime/checkout.html]
[colorlib.com/preview/theme/sublime/contact.html]
[colorlib.com/preview/theme/sublime/images/home_slider_1.jpg]
[colorlib.com/preview/theme/sublime/images/avds_small.jpg]
[colorlib.com/preview/theme/sublime/images/discount.png]
[colorlib.com/preview/theme/sublime/images/avds_large.jpg]
[colorlib.com/preview/theme/sublime/images/product_1.jpg]
[colorlib.com/preview/theme/sublime/images/product_2.jpg]
[colorlib.com/preview/theme/sublime/images/product_3.jpg]
[colorlib.com/preview/theme/sublime/images/product_4.jpg]
[colorlib.com/preview/theme/sublime/images/product_5.jpg]
[colorlib.com/preview/theme/sublime/images/product_6.jpg]
[colorlib.com/preview/theme/sublime/images/product_7.jpg]
[colorlib.com/preview/theme/sublime/images/product_8.jpg]
[colorlib.com/preview/theme/sublime/images/avds_xl.jpg]
[colorlib.com/preview/theme/sublime/images/icon_1.svg]
[colorlib.com/preview/theme/sublime/images/icon_2.svg]
[colorlib.com/preview/theme/sublime/images/icon_3.svg]
[colorlib.com/preview/theme/sublime/images/footer.jpg]
[colorlib.com/preview/theme/sublime/js/jquery-3.2.1.min.js]
[colorlib.com/preview/theme/sublime/styles/bootstrap4/popper.js]
[colorlib.com/preview/theme/sublime/styles/bootstrap4/bootstrap.min.js]
[colorlib.com/preview/theme/sublime/plugins/greensock/TweenMax.min.js]
[colorlib.com/preview/theme/sublime/plugins/greensock/TimelineMax.min.js]
[colorlib.com/preview/theme/sublime/plugins/scrollmagic/ScrollMagic.min.js]
[colorlib.com/preview/theme/sublime/plugins/greensock/animation.gsap.min.js]
[colorlib.com/preview/theme/sublime/plugins/greensock/ScrollToPlugin.min.js]
[colorlib.com/preview/theme/sublime/plugins/OwlCarousel2-2.2.1/owl.carousel.js]
[colorlib.com/preview/theme/sublime/plugins/Isotope/isotope.pkgd.min.js]
[colorlib.com/preview/theme/sublime/plugins/easing/easing.js]
[colorlib.com/preview/theme/sublime/plugins/parallax-js-master/parallax.min.js]
[colorlib.com/preview/theme/sublime/js/custom.js]
[colorlib.com/preview/theme/sublime/index.html]
[colorlib.com/preview/theme/sublime/styles/bootstrap4/bootstrap.min.css]
[colorlib.com/preview/theme/sublime/plugins/font-awesome-4.7.0/fonts/fontawesome-webfont3e6e.eot]
[colorlib.com/preview/theme/sublime/plugins/font-awesome-4.7.0/fonts/fontawesome-webfontd41d.eot]
[colorlib.com/preview/theme/sublime/plugins/font-awesome-4.7.0/fonts/fontawesome-webfont3e6e.woff2]
[colorlib.com/preview/theme/sublime/plugins/font-awesome-4.7.0/fonts/fontawesome-webfont3e6e.woff]
[colorlib.com/preview/theme/sublime/plugins/font-awesome-4.7.0/fonts/fontawesome-webfont3e6e.ttf]
[colorlib.com/preview/theme/sublime/plugins/font-awesome-4.7.0/css/font-awesome.min.css]
[colorlib.com/preview/theme/sublime/plugins/font-awesome-4.7.0/fonts/fontawesome-webfont3e6e.svg]
[colorlib.com/preview/theme/sublime/plugins/OwlCarousel2-2.2.1/owl.video.play.png]
[colorlib.com/preview/theme/sublime/plugins/OwlCarousel2-2.2.1/owl.carousel.css]
[colorlib.com/preview/theme/sublime/plugins/OwlCarousel2-2.2.1/owl.theme.default.css]
[colorlib.com/preview/theme/sublime/plugins/OwlCarousel2-2.2.1/animate.css]
[colorlib.com/preview/theme/sublime/styles/main_styles.css]
[colorlib.com/preview/theme/sublime/styles/responsive.css]
[colorlib.com/preview/theme/sublime/index-2.html]
[colorlib.com/preview/theme/sublime/styles/categories.css]
[colorlib.com/preview/theme/sublime/styles/categories_responsive.css]
[colorlib.com/preview/theme/sublime/images/categories.jpg]
[colorlib.com/preview/theme/sublime/images/product_9.jpg]
[colorlib.com/preview/theme/sublime/images/product_10.jpg]
[colorlib.com/preview/theme/sublime/images/product_11.jpg]
[colorlib.com/preview/theme/sublime/images/product_12.jpg]
[colorlib.com/preview/theme/sublime/categories.html]
[colorlib.com/preview/theme/sublime/js/categories.js]
[colorlib.com/preview/theme/sublime/styles/product.css]
[colorlib.com/preview/theme/sublime/styles/product_responsive.css]
[colorlib.com/preview/theme/sublime/images/details_1.jpg]
[colorlib.com/preview/theme/sublime/images/details_2.jpg]
[colorlib.com/preview/theme/sublime/images/details_3.jpg]
[colorlib.com/preview/theme/sublime/images/details_4.jpg]
[colorlib.com/preview/theme/sublime/js/product.js]
[colorlib.com/preview/theme/sublime/product.html]
[colorlib.com/preview/theme/sublime/styles/cart.css]
[colorlib.com/preview/theme/sublime/styles/cart_responsive.css]
[colorlib.com/preview/theme/sublime/images/cart.jpg]
[colorlib.com/preview/theme/sublime/images/cart_1.jpg]
[colorlib.com/preview/theme/sublime/cart.html]
[colorlib.com/preview/theme/sublime/js/cart.js]
[colorlib.com/preview/theme/sublime/styles/checkout.css]
[colorlib.com/preview/theme/sublime/styles/checkout_responsive.css]
[colorlib.com/preview/theme/sublime/images/check.png]
[colorlib.com/preview/theme/sublime/checkout.html]
[colorlib.com/preview/theme/sublime/js/checkout.js]
[colorlib.com/preview/theme/sublime/styles/contact.css]
[colorlib.com/preview/theme/sublime/styles/contact_responsive.css]
[colorlib.com/preview/theme/sublime/images/contact.jpg]
[colorlib.com/preview/theme/sublime/contact.html]
[colorlib.com/preview/theme/sublime/images/icon_1.svg]
[colorlib.com/preview/theme/sublime/images/icon_2.svg]
[colorlib.com/preview/theme/sublime/images/icon_3.svg]
[colorlib.com/preview/theme/sublime/plugins/font-awesome-4.7.0/fonts/fontawesome-webfont3e6e.svg]
[colorlib.com/preview/theme/sublime/styles/categories.css]
[colorlib.com/preview/theme/sublime/styles/categories_responsive.css]
[colorlib.com/preview/theme/sublime/styles/product.css]
[colorlib.com/preview/theme/sublime/styles/product_responsive.css]
[colorlib.com/preview/theme/sublime/styles/cart.css]
[colorlib.com/preview/theme/sublime/styles/cart_responsive.css]
[colorlib.com/preview/theme/sublime/js/contact.js]
[colorlib.com/preview/theme/sublime/images/down.png]
[colorlib.com/preview/theme/sublime/styles/checkout.css]
[colorlib.com/preview/theme/sublime/styles/checkout_responsive.css]
[colorlib.com/preview/theme/sublime/styles/contact.css]
[colorlib.com/preview/theme/sublime/styles/contact_responsive.css]
